// Jest Snapshot v1, https://jestjs.io/docs/snapshot-testing

exports[`Sidebar Component matches snapshot 1`] = `
<DocumentFragment>
  <aside
    class="w-64 bg-card border-r border-border flex flex-col animate-slide-in-left"
  >
    <div
      class="p-6 border-b border-border"
    >
      <h1
        class="text-2xl font-bold bg-gradient-to-r from-primary to-chart-2 bg-clip-text text-transparent"
      >
        Admin Panel
      </h1>
      <p
        class="text-sm text-muted-foreground mt-1"
      >
        E-Commerce Management
      </p>
    </div>
    <nav
      class="flex-1 p-4 space-y-2"
    >
      <button
        class="w-full flex items-center gap-3 px-4 py-3 rounded-lg transition-all duration-200 hover:bg-accent hover:scale-[1.02] active:scale-[0.98] bg-primary text-primary-foreground shadow-lg shadow-primary/20"
      >
        <svg
          class="lucide lucide-layout-dashboard w-5 h-5 animate-pulse"
          fill="none"
          height="24"
          stroke="currentColor"
          stroke-linecap="round"
          stroke-linejoin="round"
          stroke-width="2"
          viewBox="0 0 24 24"
          width="24"
          xmlns="http://www.w3.org/2000/svg"
        >
          <rect
            height="9"
            rx="1"
            width="7"
            x="3"
            y="3"
          />
          <rect
            height="5"
            rx="1"
            width="7"
            x="14"
            y="3"
          />
          <rect
            height="9"
            rx="1"
            width="7"
            x="14"
            y="12"
          />
          <rect
            height="5"
            rx="1"
            width="7"
            x="3"
            y="16"
          />
        </svg>
        <span
          class="font-medium"
        >
          Dashboard
        </span>
      </button>
      <button
        class="w-full flex items-center gap-3 px-4 py-3 rounded-lg transition-all duration-200 hover:bg-accent hover:scale-[1.02] active:scale-[0.98]"
      >
        <svg
          class="lucide lucide-package w-5 h-5"
          fill="none"
          height="24"
          stroke="currentColor"
          stroke-linecap="round"
          stroke-linejoin="round"
          stroke-width="2"
          viewBox="0 0 24 24"
          width="24"
          xmlns="http://www.w3.org/2000/svg"
        >
          <path
            d="M11 21.73a2 2 0 0 0 2 0l7-4A2 2 0 0 0 21 16V8a2 2 0 0 0-1-1.73l-7-4a2 2 0 0 0-2 0l-7 4A2 2 0 0 0 3 8v8a2 2 0 0 0 1 1.73z"
          />
          <path
            d="M12 22V12"
          />
          <path
            d="m3.3 7 7.703 4.734a2 2 0 0 0 1.994 0L20.7 7"
          />
          <path
            d="m7.5 4.27 9 5.15"
          />
        </svg>
        <span
          class="font-medium"
        >
          Products
        </span>
      </button>
      <button
        class="w-full flex items-center gap-3 px-4 py-3 rounded-lg transition-all duration-200 hover:bg-accent hover:scale-[1.02] active:scale-[0.98]"
      >
        <svg
          class="lucide lucide-shopping-bag w-5 h-5"
          fill="none"
          height="24"
          stroke="currentColor"
          stroke-linecap="round"
          stroke-linejoin="round"
          stroke-width="2"
          viewBox="0 0 24 24"
          width="24"
          xmlns="http://www.w3.org/2000/svg"
        >
          <path
            d="M6 2 3 6v14a2 2 0 0 0 2 2h14a2 2 0 0 0 2-2V6l-3-4Z"
          />
          <path
            d="M3 6h18"
          />
          <path
            d="M16 10a4 4 0 0 1-8 0"
          />
        </svg>
        <span
          class="font-medium"
        >
          Orders
        </span>
      </button>
      <button
        class="w-full flex items-center gap-3 px-4 py-3 rounded-lg transition-all duration-200 hover:bg-accent hover:scale-[1.02] active:scale-[0.98]"
      >
        <svg
          class="lucide lucide-star w-5 h-5"
          fill="none"
          height="24"
          stroke="currentColor"
          stroke-linecap="round"
          stroke-linejoin="round"
          stroke-width="2"
          viewBox="0 0 24 24"
          width="24"
          xmlns="http://www.w3.org/2000/svg"
        >
          <path
            d="M11.525 2.295a.53.53 0 0 1 .95 0l2.31 4.679a2.123 2.123 0 0 0 1.595 1.16l5.166.756a.53.53 0 0 1 .294.904l-3.736 3.638a2.123 2.123 0 0 0-.611 1.878l.882 5.14a.53.53 0 0 1-.771.56l-4.618-2.428a2.122 2.122 0 0 0-1.973 0L6.396 21.01a.53.53 0 0 1-.77-.56l.881-5.139a2.122 2.122 0 0 0-.611-1.879L2.16 9.795a.53.53 0 0 1 .294-.906l5.165-.755a2.122 2.122 0 0 0 1.597-1.16z"
          />
        </svg>
        <span
          class="font-medium"
        >
          Reviews
        </span>
      </button>
      <button
        class="w-full flex items-center gap-3 px-4 py-3 rounded-lg transition-all duration-200 hover:bg-accent hover:scale-[1.02] active:scale-[0.98]"
      >
        <svg
          class="lucide lucide-shopping-cart w-5 h-5"
          fill="none"
          height="24"
          stroke="currentColor"
          stroke-linecap="round"
          stroke-linejoin="round"
          stroke-width="2"
          viewBox="0 0 24 24"
          width="24"
          xmlns="http://www.w3.org/2000/svg"
        >
          <circle
            cx="8"
            cy="21"
            r="1"
          />
          <circle
            cx="19"
            cy="21"
            r="1"
          />
          <path
            d="M2.05 2.05h2l2.66 12.42a2 2 0 0 0 2 1.58h9.78a2 2 0 0 0 1.95-1.57l1.65-7.43H5.12"
          />
        </svg>
        <span
          class="font-medium"
        >
          Carts
        </span>
      </button>
    </nav>
    <div
      class="p-4 border-t border-border"
    >
      <div
        class="flex items-center gap-3 px-4 py-3"
      >
        <div
          class="w-10 h-10 rounded-full bg-gradient-to-br from-primary to-chart-2 flex items-center justify-center text-primary-foreground font-bold"
        >
          A
        </div>
        <div>
          <p
            class="font-medium text-sm"
          >
            Admin User
          </p>
          <p
            class="text-xs text-muted-foreground"
          >
            admin@store.com
          </p>
        </div>
      </div>
    </div>
  </aside>
</DocumentFragment>
`;
